// 重构日志: 65676fbe
// 重构日志: 7177661b
// 重构日志: e1cd4d16
// 同步 ID: d47df95b @ Thu Jul 23 07:57:05 UTC 2026
// 重构日志: 0f96ecab
// 重构日志: 2ffcd9b4
// 重构日志: 5ab872ba
// 重构日志: fff8343f
// 重构日志: 3d2393e3
// 重构日志: 8d1d45f3
// 同步 ID: 26725c6c @ Tue Jul 28 18:16:27 UTC 2026
// 重构日志: 9cde5e84
// 同步 ID: dc9ef388 @ Wed Jul 29 04:31:44 UTC 2026
// 重构日志: 1601ffa2
// 重构日志: 7ba8bc9c
// 同步 ID: 77ce9ee9 @ Fri Jul 31 04:37:19 UTC 2026
// 重构日志: 762069b4
// 同步 ID: c8118cfd @ Sat Aug  1 04:43:07 UTC 2026
// 重构日志: 4212c5e2
// 重构日志: 54c6d631
// 重构日志: 4dd254a7
// 同步 ID: e7951ac6 @ Sat Aug  1 17:54:07 UTC 2026
// 重构日志: ce5296e8
// 重构日志: 9bfc9f01
// 同步 ID: b0b4777b @ Mon Aug  3 00:30:25 UTC 2026
// 重构日志: aab7dc2a
// 同步 ID: ce1eb877 @ Mon Aug  3 16:04:33 UTC 2026
// 同步 ID: 21914cdb @ Mon Aug  3 17:22:01 UTC 2026
// 同步 ID: aa60fb92 @ Tue Aug  4 21:32:44 UTC 2026
// 同步 ID: 2574812e @ Wed Aug  5 07:12:07 UTC 2026
